running egg_info
creating build/object_detection/object_detection.egg-info
writing build/object_detection/object_detection.egg-info/PKG-INFO
writing dependency_links to build/object_detection/object_detection.egg-info/dependency_links.txt
writing entry points to build/object_detection/object_detection.egg-info/entry_points.txt
writing requirements to build/object_detection/object_detection.egg-info/requires.txt
writing top-level names to build/object_detection/object_detection.egg-info/top_level.txt
writing manifest file 'build/object_detection/object_detection.egg-info/SOURCES.txt'
reading manifest file 'build/object_detection/object_detection.egg-info/SOURCES.txt'
writing manifest file 'build/object_detection/object_detection.egg-info/SOURCES.txt'
running build
running build_py
creating /ros2_ws/src/object_detection/build/object_detection/build
creating /ros2_ws/src/object_detection/build/object_detection/build/lib
creating /ros2_ws/src/object_detection/build/object_detection/build/lib/object_detection
copying object_detection/aruco_test.py -> /ros2_ws/src/object_detection/build/object_detection/build/lib/object_detection
copying object_detection/aruco.py -> /ros2_ws/src/object_detection/build/object_detection/build/lib/object_detection
copying object_detection/realsense.py -> /ros2_ws/src/object_detection/build/object_detection/build/lib/object_detection
copying object_detection/__init__.py -> /ros2_ws/src/object_detection/build/object_detection/build/lib/object_detection
copying object_detection/yolo.py -> /ros2_ws/src/object_detection/build/object_detection/build/lib/object_detection
copying object_detection/detection.py -> /ros2_ws/src/object_detection/build/object_detection/build/lib/object_detection
running install
running install_lib
creating /ros2_ws/src/object_detection/install/object_detection/lib/python3.12/site-packages/object_detection
copying /ros2_ws/src/object_detection/build/object_detection/build/lib/object_detection/aruco_test.py -> /ros2_ws/src/object_detection/install/object_detection/lib/python3.12/site-packages/object_detection
copying /ros2_ws/src/object_detection/build/object_detection/build/lib/object_detection/aruco.py -> /ros2_ws/src/object_detection/install/object_detection/lib/python3.12/site-packages/object_detection
copying /ros2_ws/src/object_detection/build/object_detection/build/lib/object_detection/realsense.py -> /ros2_ws/src/object_detection/install/object_detection/lib/python3.12/site-packages/object_detection
copying /ros2_ws/src/object_detection/build/object_detection/build/lib/object_detection/__init__.py -> /ros2_ws/src/object_detection/install/object_detection/lib/python3.12/site-packages/object_detection
copying /ros2_ws/src/object_detection/build/object_detection/build/lib/object_detection/yolo.py -> /ros2_ws/src/object_detection/install/object_detection/lib/python3.12/site-packages/object_detection
copying /ros2_ws/src/object_detection/build/object_detection/build/lib/object_detection/detection.py -> /ros2_ws/src/object_detection/install/object_detection/lib/python3.12/site-packages/object_detection
byte-compiling /ros2_ws/src/object_detection/install/object_detection/lib/python3.12/site-packages/object_detection/aruco_test.py to aruco_test.cpython-312.pyc
byte-compiling /ros2_ws/src/object_detection/install/object_detection/lib/python3.12/site-packages/object_detection/aruco.py to aruco.cpython-312.pyc
byte-compiling /ros2_ws/src/object_detection/install/object_detection/lib/python3.12/site-packages/object_detection/realsense.py to realsense.cpython-312.pyc
byte-compiling /ros2_ws/src/object_detection/install/object_detection/lib/python3.12/site-packages/object_detection/__init__.py to __init__.cpython-312.pyc
byte-compiling /ros2_ws/src/object_detection/install/object_detection/lib/python3.12/site-packages/object_detection/yolo.py to yolo.cpython-312.pyc
byte-compiling /ros2_ws/src/object_detection/install/object_detection/lib/python3.12/site-packages/object_detection/detection.py to detection.cpython-312.pyc
running install_data
copying package.xml -> /ros2_ws/src/object_detection/install/object_detection/share/object_detection
creating /ros2_ws/src/object_detection/install/object_detection/share/object_detection/resource
copying resource/object_detection -> /ros2_ws/src/object_detection/install/object_detection/share/object_detection/resource
copying resource/best.pt -> /ros2_ws/src/object_detection/install/object_detection/share/object_detection/resource
copying resource/yolov8n_tools_0122.pt -> /ros2_ws/src/object_detection/install/object_detection/share/object_detection/resource
copying resource/class_name_tool.json -> /ros2_ws/src/object_detection/install/object_detection/share/object_detection/resource
running install_egg_info
Copying build/object_detection/object_detection.egg-info to /ros2_ws/src/object_detection/install/object_detection/lib/python3.12/site-packages/object_detection-0.0.0-py3.12.egg-info
running install_scripts
Installing aruco script to /ros2_ws/src/object_detection/install/object_detection/lib/object_detection
Installing object_detection script to /ros2_ws/src/object_detection/install/object_detection/lib/object_detection
writing list of installed files to '/ros2_ws/src/object_detection/build/object_detection/install.log'
