/ros2_ws/src/object_detection/install/object_detection/lib/python3.12/site-packages/object_detection/aruco_test.py
/ros2_ws/src/object_detection/install/object_detection/lib/python3.12/site-packages/object_detection/aruco.py
/ros2_ws/src/object_detection/install/object_detection/lib/python3.12/site-packages/object_detection/realsense.py
/ros2_ws/src/object_detection/install/object_detection/lib/python3.12/site-packages/object_detection/__init__.py
/ros2_ws/src/object_detection/install/object_detection/lib/python3.12/site-packages/object_detection/yolo.py
/ros2_ws/src/object_detection/install/object_detection/lib/python3.12/site-packages/object_detection/detection.py
/ros2_ws/src/object_detection/install/object_detection/lib/python3.12/site-packages/object_detection/__pycache__/aruco_test.cpython-312.pyc
/ros2_ws/src/object_detection/install/object_detection/lib/python3.12/site-packages/object_detection/__pycache__/aruco.cpython-312.pyc
/ros2_ws/src/object_detection/install/object_detection/lib/python3.12/site-packages/object_detection/__pycache__/realsense.cpython-312.pyc
/ros2_ws/src/object_detection/install/object_detection/lib/python3.12/site-packages/object_detection/__pycache__/__init__.cpython-312.pyc
/ros2_ws/src/object_detection/install/object_detection/lib/python3.12/site-packages/object_detection/__pycache__/yolo.cpython-312.pyc
/ros2_ws/src/object_detection/install/object_detection/lib/python3.12/site-packages/object_detection/__pycache__/detection.cpython-312.pyc
/ros2_ws/src/object_detection/install/object_detection/share/ament_index/resource_index/packages/object_detection
/ros2_ws/src/object_detection/install/object_detection/share/object_detection/package.xml
/ros2_ws/src/object_detection/install/object_detection/share/object_detection/resource/object_detection
/ros2_ws/src/object_detection/install/object_detection/share/object_detection/resource/best.pt
/ros2_ws/src/object_detection/install/object_detection/share/object_detection/resource/yolov8n_tools_0122.pt
/ros2_ws/src/object_detection/install/object_detection/share/object_detection/resource/class_name_tool.json
/ros2_ws/src/object_detection/install/object_detection/lib/python3.12/site-packages/object_detection-0.0.0-py3.12.egg-info/dependency_links.txt
/ros2_ws/src/object_detection/install/object_detection/lib/python3.12/site-packages/object_detection-0.0.0-py3.12.egg-info/requires.txt
/ros2_ws/src/object_detection/install/object_detection/lib/python3.12/site-packages/object_detection-0.0.0-py3.12.egg-info/entry_points.txt
/ros2_ws/src/object_detection/install/object_detection/lib/python3.12/site-packages/object_detection-0.0.0-py3.12.egg-info/zip-safe
/ros2_ws/src/object_detection/install/object_detection/lib/python3.12/site-packages/object_detection-0.0.0-py3.12.egg-info/top_level.txt
/ros2_ws/src/object_detection/install/object_detection/lib/python3.12/site-packages/object_detection-0.0.0-py3.12.egg-info/PKG-INFO
/ros2_ws/src/object_detection/install/object_detection/lib/python3.12/site-packages/object_detection-0.0.0-py3.12.egg-info/SOURCES.txt
/ros2_ws/src/object_detection/install/object_detection/lib/object_detection/aruco
/ros2_ws/src/object_detection/install/object_detection/lib/object_detection/object_detection
